[0.118s] DEBUG:colcon:Command line arguments: ['/usr/bin/colcon', 'build']
[0.118s] DEBUG:colcon:Parsed command line arguments: Namespace(log_base=None, log_level=None, verb_name='build', build_base='build', install_base='install', merge_install=False, symlink_install=False, test_result_base=None, continue_on_error=False, executor='parallel', parallel_workers=12, event_handlers=None, ignore_user_meta=False, metas=['./colcon.meta'], base_paths=['.'], packages_ignore=None, packages_ignore_regex=None, paths=None, packages_up_to=None, packages_up_to_regex=None, packages_above=None, packages_above_and_dependencies=None, packages_above_depth=None, packages_select_by_dep=None, packages_skip_by_dep=None, packages_skip_up_to=None, packages_select_build_failed=False, packages_skip_build_finished=False, packages_select_test_failures=False, packages_skip_test_passed=False, packages_select=None, packages_skip=None, packages_select_regex=None, packages_skip_regex=None, packages_start=None, packages_end=None, allow_overriding=[], cmake_args=None, cmake_target=None, cmake_target_skip_unavailable=False, cmake_clean_cache=False, cmake_clean_first=False, cmake_force_configure=False, ament_cmake_args=None, catkin_cmake_args=None, catkin_skip_building_tests=False, mixin_files=None, mixin=None, verb_parser=<colcon_mixin.mixin.mixin_argument.MixinArgumentDecorator object at 0x72b814e2f250>, verb_extension=<colcon_core.verb.build.BuildVerb object at 0x72b814e2ec80>, main=<bound method BuildVerb.main of <colcon_core.verb.build.BuildVerb object at 0x72b814e2ec80>>, mixin_verb=('build',))
[0.309s] Level 1:colcon.colcon_core.package_discovery:discover_packages(colcon_meta) check parameters
[0.309s] Level 1:colcon.colcon_core.package_discovery:discover_packages(recursive) check parameters
[0.309s] Level 1:colcon.colcon_core.package_discovery:discover_packages(ignore) check parameters
[0.309s] Level 1:colcon.colcon_core.package_discovery:discover_packages(path) check parameters
[0.309s] Level 1:colcon.colcon_core.package_discovery:discover_packages(colcon_meta) discover
[0.309s] Level 1:colcon.colcon_core.package_discovery:discover_packages(recursive) discover
[0.309s] INFO:colcon.colcon_core.package_discovery:Crawling recursively for packages in '/home/tyashu/Swarm-System-Gazebo-simulation-main/Antbots'
[0.309s] Level 1:colcon.colcon_core.package_identification:_identify(.) by extensions ['ignore', 'ignore_ament_install']
[0.309s] Level 1:colcon.colcon_core.package_identification:_identify(.) by extension 'ignore'
[0.309s] Level 1:colcon.colcon_core.package_identification:_identify(.) by extension 'ignore_ament_install'
[0.309s] Level 1:colcon.colcon_core.package_identification:_identify(.) by extensions ['colcon_pkg']
[0.309s] Level 1:colcon.colcon_core.package_identification:_identify(.) by extension 'colcon_pkg'
[0.309s] Level 1:colcon.colcon_core.package_identification:_identify(.) by extensions ['colcon_meta']
[0.309s] Level 1:colcon.colcon_core.package_identification:_identify(.) by extension 'colcon_meta'
[0.309s] Level 1:colcon.colcon_core.package_identification:_identify(.) by extensions ['ros']
[0.310s] Level 1:colcon.colcon_core.package_identification:_identify(.) by extension 'ros'
[0.320s] Level 1:colcon.colcon_core.package_identification:_identify(.) by extensions ['cmake', 'python']
[0.320s] Level 1:colcon.colcon_core.package_identification:_identify(.) by extension 'cmake'
[0.320s] Level 1:colcon.colcon_core.package_identification:_identify(.) by extension 'python'
[0.320s] Level 1:colcon.colcon_core.package_identification:_identify(.) by extensions ['python_setup_py']
[0.320s] Level 1:colcon.colcon_core.package_identification:_identify(.) by extension 'python_setup_py'
[0.320s] Level 1:colcon.colcon_core.package_identification:_identify(build) by extensions ['ignore', 'ignore_ament_install']
[0.320s] Level 1:colcon.colcon_core.package_identification:_identify(build) by extension 'ignore'
[0.320s] Level 1:colcon.colcon_core.package_identification:_identify(build) ignored
[0.320s] Level 1:colcon.colcon_core.package_identification:_identify(install) by extensions ['ignore', 'ignore_ament_install']
[0.320s] Level 1:colcon.colcon_core.package_identification:_identify(install) by extension 'ignore'
[0.320s] Level 1:colcon.colcon_core.package_identification:_identify(install) ignored
[0.320s] Level 1:colcon.colcon_core.package_identification:_identify(log) by extensions ['ignore', 'ignore_ament_install']
[0.320s] Level 1:colcon.colcon_core.package_identification:_identify(log) by extension 'ignore'
[0.320s] Level 1:colcon.colcon_core.package_identification:_identify(log) ignored
[0.320s] Level 1:colcon.colcon_core.package_identification:_identify(src) by extensions ['ignore', 'ignore_ament_install']
[0.320s] Level 1:colcon.colcon_core.package_identification:_identify(src) by extension 'ignore'
[0.320s] Level 1:colcon.colcon_core.package_identification:_identify(src) by extension 'ignore_ament_install'
[0.320s] Level 1:colcon.colcon_core.package_identification:_identify(src) by extensions ['colcon_pkg']
[0.321s] Level 1:colcon.colcon_core.package_identification:_identify(src) by extension 'colcon_pkg'
[0.321s] Level 1:colcon.colcon_core.package_identification:_identify(src) by extensions ['colcon_meta']
[0.321s] Level 1:colcon.colcon_core.package_identification:_identify(src) by extension 'colcon_meta'
[0.321s] Level 1:colcon.colcon_core.package_identification:_identify(src) by extensions ['ros']
[0.321s] Level 1:colcon.colcon_core.package_identification:_identify(src) by extension 'ros'
[0.321s] Level 1:colcon.colcon_core.package_identification:_identify(src) by extensions ['cmake', 'python']
[0.321s] Level 1:colcon.colcon_core.package_identification:_identify(src) by extension 'cmake'
[0.321s] Level 1:colcon.colcon_core.package_identification:_identify(src) by extension 'python'
[0.321s] Level 1:colcon.colcon_core.package_identification:_identify(src) by extensions ['python_setup_py']
[0.321s] Level 1:colcon.colcon_core.package_identification:_identify(src) by extension 'python_setup_py'
[0.321s] Level 1:colcon.colcon_core.package_identification:_identify(src/antbot_description) by extensions ['ignore', 'ignore_ament_install']
[0.321s] Level 1:colcon.colcon_core.package_identification:_identify(src/antbot_description) by extension 'ignore'
[0.321s] Level 1:colcon.colcon_core.package_identification:_identify(src/antbot_description) by extension 'ignore_ament_install'
[0.321s] Level 1:colcon.colcon_core.package_identification:_identify(src/antbot_description) by extensions ['colcon_pkg']
[0.321s] Level 1:colcon.colcon_core.package_identification:_identify(src/antbot_description) by extension 'colcon_pkg'
[0.321s] Level 1:colcon.colcon_core.package_identification:_identify(src/antbot_description) by extensions ['colcon_meta']
[0.321s] Level 1:colcon.colcon_core.package_identification:_identify(src/antbot_description) by extension 'colcon_meta'
[0.321s] Level 1:colcon.colcon_core.package_identification:_identify(src/antbot_description) by extensions ['ros']
[0.321s] Level 1:colcon.colcon_core.package_identification:_identify(src/antbot_description) by extension 'ros'
[0.323s] DEBUG:colcon.colcon_core.package_identification:Package 'src/antbot_description' with type 'ros.ament_cmake' and name 'antbot_description'
[0.323s] Level 1:colcon.colcon_core.package_identification:_identify(src/antbot_gazebo) by extensions ['ignore', 'ignore_ament_install']
[0.323s] Level 1:colcon.colcon_core.package_identification:_identify(src/antbot_gazebo) by extension 'ignore'
[0.323s] Level 1:colcon.colcon_core.package_identification:_identify(src/antbot_gazebo) by extension 'ignore_ament_install'
[0.323s] Level 1:colcon.colcon_core.package_identification:_identify(src/antbot_gazebo) by extensions ['colcon_pkg']
[0.323s] Level 1:colcon.colcon_core.package_identification:_identify(src/antbot_gazebo) by extension 'colcon_pkg'
[0.323s] Level 1:colcon.colcon_core.package_identification:_identify(src/antbot_gazebo) by extensions ['colcon_meta']
[0.323s] Level 1:colcon.colcon_core.package_identification:_identify(src/antbot_gazebo) by extension 'colcon_meta'
[0.323s] Level 1:colcon.colcon_core.package_identification:_identify(src/antbot_gazebo) by extensions ['ros']
[0.324s] Level 1:colcon.colcon_core.package_identification:_identify(src/antbot_gazebo) by extension 'ros'
[0.324s] DEBUG:colcon.colcon_core.package_identification:Package 'src/antbot_gazebo' with type 'ros.ament_cmake' and name 'antbot_gazebo'
[0.324s] Level 1:colcon.colcon_core.package_identification:_identify(src/antbot_navigation) by extensions ['ignore', 'ignore_ament_install']
[0.324s] Level 1:colcon.colcon_core.package_identification:_identify(src/antbot_navigation) by extension 'ignore'
[0.324s] Level 1:colcon.colcon_core.package_identification:_identify(src/antbot_navigation) by extension 'ignore_ament_install'
[0.324s] Level 1:colcon.colcon_core.package_identification:_identify(src/antbot_navigation) by extensions ['colcon_pkg']
[0.324s] Level 1:colcon.colcon_core.package_identification:_identify(src/antbot_navigation) by extension 'colcon_pkg'
[0.324s] Level 1:colcon.colcon_core.package_identification:_identify(src/antbot_navigation) by extensions ['colcon_meta']
[0.324s] Level 1:colcon.colcon_core.package_identification:_identify(src/antbot_navigation) by extension 'colcon_meta'
[0.324s] Level 1:colcon.colcon_core.package_identification:_identify(src/antbot_navigation) by extensions ['ros']
[0.324s] Level 1:colcon.colcon_core.package_identification:_identify(src/antbot_navigation) by extension 'ros'
[0.325s] DEBUG:colcon.colcon_core.package_identification:Package 'src/antbot_navigation' with type 'ros.ament_python' and name 'antbot_navigation'
[0.325s] Level 1:colcon.colcon_core.package_discovery:discover_packages(recursive) using defaults
[0.325s] Level 1:colcon.colcon_core.package_discovery:discover_packages(ignore) discover
[0.325s] Level 1:colcon.colcon_core.package_discovery:discover_packages(ignore) using defaults
[0.325s] Level 1:colcon.colcon_core.package_discovery:discover_packages(path) discover
[0.325s] Level 1:colcon.colcon_core.package_discovery:discover_packages(path) using defaults
[0.341s] Level 1:colcon.colcon_core.package_discovery:discover_packages(prefix_path) check parameters
[0.341s] Level 1:colcon.colcon_core.package_discovery:discover_packages(prefix_path) discover
[0.344s] DEBUG:colcon.colcon_installed_package_information.package_discovery:Found 392 installed packages in /opt/ros/humble
[0.346s] Level 1:colcon.colcon_core.package_discovery:discover_packages(prefix_path) using defaults
[0.389s] Level 5:colcon.colcon_core.verb:set package 'antbot_description' build argument 'cmake_args' from command line to 'None'
[0.389s] Level 5:colcon.colcon_core.verb:set package 'antbot_description' build argument 'cmake_target' from command line to 'None'
[0.389s] Level 5:colcon.colcon_core.verb:set package 'antbot_description' build argument 'cmake_target_skip_unavailable' from command line to 'False'
[0.389s] Level 5:colcon.colcon_core.verb:set package 'antbot_description' build argument 'cmake_clean_cache' from command line to 'False'
[0.389s] Level 5:colcon.colcon_core.verb:set package 'antbot_description' build argument 'cmake_clean_first' from command line to 'False'
[0.389s] Level 5:colcon.colcon_core.verb:set package 'antbot_description' build argument 'cmake_force_configure' from command line to 'False'
[0.389s] Level 5:colcon.colcon_core.verb:set package 'antbot_description' build argument 'ament_cmake_args' from command line to 'None'
[0.389s] Level 5:colcon.colcon_core.verb:set package 'antbot_description' build argument 'catkin_cmake_args' from command line to 'None'
[0.389s] Level 5:colcon.colcon_core.verb:set package 'antbot_description' build argument 'catkin_skip_building_tests' from command line to 'False'
[0.389s] DEBUG:colcon.colcon_core.verb:Building package 'antbot_description' with the following arguments: {'ament_cmake_args': None, 'build_base': '/home/tyashu/Swarm-System-Gazebo-simulation-main/Antbots/build/antbot_description', 'catkin_cmake_args': None, 'catkin_skip_building_tests': False, 'cmake_args': None, 'cmake_clean_cache': False, 'cmake_clean_first': False, 'cmake_force_configure': False, 'cmake_target': None, 'cmake_target_skip_unavailable': False, 'install_base': '/home/tyashu/Swarm-System-Gazebo-simulation-main/Antbots/install/antbot_description', 'merge_install': False, 'path': '/home/tyashu/Swarm-System-Gazebo-simulation-main/Antbots/src/antbot_description', 'symlink_install': False, 'test_result_base': None}
[0.389s] Level 5:colcon.colcon_core.verb:set package 'antbot_gazebo' build argument 'cmake_args' from command line to 'None'
[0.389s] Level 5:colcon.colcon_core.verb:set package 'antbot_gazebo' build argument 'cmake_target' from command line to 'None'
[0.389s] Level 5:colcon.colcon_core.verb:set package 'antbot_gazebo' build argument 'cmake_target_skip_unavailable' from command line to 'False'
[0.389s] Level 5:colcon.colcon_core.verb:set package 'antbot_gazebo' build argument 'cmake_clean_cache' from command line to 'False'
[0.389s] Level 5:colcon.colcon_core.verb:set package 'antbot_gazebo' build argument 'cmake_clean_first' from command line to 'False'
[0.389s] Level 5:colcon.colcon_core.verb:set package 'antbot_gazebo' build argument 'cmake_force_configure' from command line to 'False'
[0.389s] Level 5:colcon.colcon_core.verb:set package 'antbot_gazebo' build argument 'ament_cmake_args' from command line to 'None'
[0.389s] Level 5:colcon.colcon_core.verb:set package 'antbot_gazebo' build argument 'catkin_cmake_args' from command line to 'None'
[0.389s] Level 5:colcon.colcon_core.verb:set package 'antbot_gazebo' build argument 'catkin_skip_building_tests' from command line to 'False'
[0.390s] DEBUG:colcon.colcon_core.verb:Building package 'antbot_gazebo' with the following arguments: {'ament_cmake_args': None, 'build_base': '/home/tyashu/Swarm-System-Gazebo-simulation-main/Antbots/build/antbot_gazebo', 'catkin_cmake_args': None, 'catkin_skip_building_tests': False, 'cmake_args': None, 'cmake_clean_cache': False, 'cmake_clean_first': False, 'cmake_force_configure': False, 'cmake_target': None, 'cmake_target_skip_unavailable': False, 'install_base': '/home/tyashu/Swarm-System-Gazebo-simulation-main/Antbots/install/antbot_gazebo', 'merge_install': False, 'path': '/home/tyashu/Swarm-System-Gazebo-simulation-main/Antbots/src/antbot_gazebo', 'symlink_install': False, 'test_result_base': None}
[0.390s] Level 5:colcon.colcon_core.verb:set package 'antbot_navigation' build argument 'cmake_args' from command line to 'None'
[0.390s] Level 5:colcon.colcon_core.verb:set package 'antbot_navigation' build argument 'cmake_target' from command line to 'None'
[0.390s] Level 5:colcon.colcon_core.verb:set package 'antbot_navigation' build argument 'cmake_target_skip_unavailable' from command line to 'False'
[0.390s] Level 5:colcon.colcon_core.verb:set package 'antbot_navigation' build argument 'cmake_clean_cache' from command line to 'False'
[0.390s] Level 5:colcon.colcon_core.verb:set package 'antbot_navigation' build argument 'cmake_clean_first' from command line to 'False'
[0.390s] Level 5:colcon.colcon_core.verb:set package 'antbot_navigation' build argument 'cmake_force_configure' from command line to 'False'
[0.390s] Level 5:colcon.colcon_core.verb:set package 'antbot_navigation' build argument 'ament_cmake_args' from command line to 'None'
[0.390s] Level 5:colcon.colcon_core.verb:set package 'antbot_navigation' build argument 'catkin_cmake_args' from command line to 'None'
[0.390s] Level 5:colcon.colcon_core.verb:set package 'antbot_navigation' build argument 'catkin_skip_building_tests' from command line to 'False'
[0.390s] DEBUG:colcon.colcon_core.verb:Building package 'antbot_navigation' with the following arguments: {'ament_cmake_args': None, 'build_base': '/home/tyashu/Swarm-System-Gazebo-simulation-main/Antbots/build/antbot_navigation', 'catkin_cmake_args': None, 'catkin_skip_building_tests': False, 'cmake_args': None, 'cmake_clean_cache': False, 'cmake_clean_first': False, 'cmake_force_configure': False, 'cmake_target': None, 'cmake_target_skip_unavailable': False, 'install_base': '/home/tyashu/Swarm-System-Gazebo-simulation-main/Antbots/install/antbot_navigation', 'merge_install': False, 'path': '/home/tyashu/Swarm-System-Gazebo-simulation-main/Antbots/src/antbot_navigation', 'symlink_install': False, 'test_result_base': None}
[0.390s] INFO:colcon.colcon_core.executor:Executing jobs using 'parallel' executor
[0.391s] DEBUG:colcon.colcon_parallel_executor.executor.parallel:run_until_complete
[0.391s] INFO:colcon.colcon_ros.task.ament_cmake.build:Building ROS package in '/home/tyashu/Swarm-System-Gazebo-simulation-main/Antbots/src/antbot_description' with build type 'ament_cmake'
[0.391s] INFO:colcon.colcon_cmake.task.cmake.build:Building CMake package in '/home/tyashu/Swarm-System-Gazebo-simulation-main/Antbots/src/antbot_description'
[0.393s] INFO:colcon.colcon_core.plugin_system:Skipping extension 'colcon_core.shell.bat': Not used on non-Windows systems
[0.393s] INFO:colcon.colcon_core.shell:Skip shell extension 'powershell' for command environment: Not usable outside of PowerShell
[0.393s] DEBUG:colcon.colcon_core.shell:Skip shell extension 'dsv' for command environment
[0.397s] INFO:colcon.colcon_ros.task.ament_cmake.build:Building ROS package in '/home/tyashu/Swarm-System-Gazebo-simulation-main/Antbots/src/antbot_gazebo' with build type 'ament_cmake'
[0.397s] INFO:colcon.colcon_cmake.task.cmake.build:Building CMake package in '/home/tyashu/Swarm-System-Gazebo-simulation-main/Antbots/src/antbot_gazebo'
[0.398s] INFO:colcon.colcon_core.shell:Skip shell extension 'powershell' for command environment: Not usable outside of PowerShell
[0.398s] DEBUG:colcon.colcon_core.shell:Skip shell extension 'dsv' for command environment
[0.401s] INFO:colcon.colcon_ros.task.ament_python.build:Building ROS package in '/home/tyashu/Swarm-System-Gazebo-simulation-main/Antbots/src/antbot_navigation' with build type 'ament_python'
[0.402s] Level 1:colcon.colcon_core.shell:create_environment_hook('antbot_navigation', 'ament_prefix_path')
[0.402s] INFO:colcon.colcon_core.shell:Creating environment hook '/home/tyashu/Swarm-System-Gazebo-simulation-main/Antbots/install/antbot_navigation/share/antbot_navigation/hook/ament_prefix_path.ps1'
[0.403s] INFO:colcon.colcon_core.shell:Creating environment descriptor '/home/tyashu/Swarm-System-Gazebo-simulation-main/Antbots/install/antbot_navigation/share/antbot_navigation/hook/ament_prefix_path.dsv'
[0.403s] INFO:colcon.colcon_core.shell:Creating environment hook '/home/tyashu/Swarm-System-Gazebo-simulation-main/Antbots/install/antbot_navigation/share/antbot_navigation/hook/ament_prefix_path.sh'
[0.404s] INFO:colcon.colcon_core.shell:Skip shell extension 'powershell' for command environment: Not usable outside of PowerShell
[0.404s] DEBUG:colcon.colcon_core.shell:Skip shell extension 'dsv' for command environment
[0.411s] DEBUG:colcon.colcon_core.event_handler.log_command:Invoking command in '/home/tyashu/Swarm-System-Gazebo-simulation-main/Antbots/build/antbot_description': CMAKE_PREFIX_PATH=/opt/ros/humble /usr/bin/cmake /home/tyashu/Swarm-System-Gazebo-simulation-main/Antbots/src/antbot_description -DCMAKE_INSTALL_PREFIX=/home/tyashu/Swarm-System-Gazebo-simulation-main/Antbots/install/antbot_description
[0.416s] DEBUG:colcon.colcon_core.event_handler.log_command:Invoking command in '/home/tyashu/Swarm-System-Gazebo-simulation-main/Antbots/build/antbot_gazebo': CMAKE_PREFIX_PATH=/opt/ros/humble /usr/bin/cmake /home/tyashu/Swarm-System-Gazebo-simulation-main/Antbots/src/antbot_gazebo -DCMAKE_INSTALL_PREFIX=/home/tyashu/Swarm-System-Gazebo-simulation-main/Antbots/install/antbot_gazebo
[0.717s] INFO:colcon.colcon_core.task.python.build:Building Python package in '/home/tyashu/Swarm-System-Gazebo-simulation-main/Antbots/src/antbot_navigation'
[0.717s] INFO:colcon.colcon_core.shell:Skip shell extension 'powershell' for command environment: Not usable outside of PowerShell
[0.717s] DEBUG:colcon.colcon_core.shell:Skip shell extension 'dsv' for command environment
[1.265s] DEBUG:colcon.colcon_core.event_handler.log_command:Invoking command in '/home/tyashu/Swarm-System-Gazebo-simulation-main/Antbots/src/antbot_navigation': PYTHONPATH=/home/tyashu/Swarm-System-Gazebo-simulation-main/Antbots/build/antbot_navigation/prefix_override:/usr/lib/python3/dist-packages/colcon_core/task/python/colcon_distutils_commands:/home/tyashu/Swarm-System-Gazebo-simulation-main/Antbots/install/antbot_navigation/lib/python3.10/site-packages:${PYTHONPATH} /usr/bin/python3 -W ignore:setup.py install is deprecated -W ignore:easy_install command is deprecated setup.py egg_info --egg-base ../../build/antbot_navigation build --build-base /home/tyashu/Swarm-System-Gazebo-simulation-main/Antbots/build/antbot_navigation/build install --record /home/tyashu/Swarm-System-Gazebo-simulation-main/Antbots/build/antbot_navigation/install.log --single-version-externally-managed install_data
[1.278s] DEBUG:colcon.colcon_core.event_handler.log_command:Invoked command in '/home/tyashu/Swarm-System-Gazebo-simulation-main/Antbots/build/antbot_description' returned '0': CMAKE_PREFIX_PATH=/opt/ros/humble /usr/bin/cmake /home/tyashu/Swarm-System-Gazebo-simulation-main/Antbots/src/antbot_description -DCMAKE_INSTALL_PREFIX=/home/tyashu/Swarm-System-Gazebo-simulation-main/Antbots/install/antbot_description
[1.281s] DEBUG:colcon.colcon_core.event_handler.log_command:Invoking command in '/home/tyashu/Swarm-System-Gazebo-simulation-main/Antbots/build/antbot_description': CMAKE_PREFIX_PATH=/opt/ros/humble /usr/bin/cmake --build /home/tyashu/Swarm-System-Gazebo-simulation-main/Antbots/build/antbot_description -- -j12 -l12
[1.282s] DEBUG:colcon.colcon_core.event_handler.log_command:Invoked command in '/home/tyashu/Swarm-System-Gazebo-simulation-main/Antbots/build/antbot_gazebo' returned '0': CMAKE_PREFIX_PATH=/opt/ros/humble /usr/bin/cmake /home/tyashu/Swarm-System-Gazebo-simulation-main/Antbots/src/antbot_gazebo -DCMAKE_INSTALL_PREFIX=/home/tyashu/Swarm-System-Gazebo-simulation-main/Antbots/install/antbot_gazebo
[1.284s] DEBUG:colcon.colcon_core.event_handler.log_command:Invoking command in '/home/tyashu/Swarm-System-Gazebo-simulation-main/Antbots/build/antbot_gazebo': CMAKE_PREFIX_PATH=/opt/ros/humble /usr/bin/cmake --build /home/tyashu/Swarm-System-Gazebo-simulation-main/Antbots/build/antbot_gazebo -- -j12 -l12
[1.327s] DEBUG:colcon.colcon_core.event_handler.log_command:Invoked command in '/home/tyashu/Swarm-System-Gazebo-simulation-main/Antbots/build/antbot_description' returned '0': CMAKE_PREFIX_PATH=/opt/ros/humble /usr/bin/cmake --build /home/tyashu/Swarm-System-Gazebo-simulation-main/Antbots/build/antbot_description -- -j12 -l12
[1.338s] DEBUG:colcon.colcon_core.event_handler.log_command:Invoking command in '/home/tyashu/Swarm-System-Gazebo-simulation-main/Antbots/build/antbot_description': CMAKE_PREFIX_PATH=/opt/ros/humble /usr/bin/cmake --install /home/tyashu/Swarm-System-Gazebo-simulation-main/Antbots/build/antbot_description
[1.341s] DEBUG:colcon.colcon_core.event_handler.log_command:Invoked command in '/home/tyashu/Swarm-System-Gazebo-simulation-main/Antbots/build/antbot_gazebo' returned '0': CMAKE_PREFIX_PATH=/opt/ros/humble /usr/bin/cmake --build /home/tyashu/Swarm-System-Gazebo-simulation-main/Antbots/build/antbot_gazebo -- -j12 -l12
[1.343s] DEBUG:colcon.colcon_core.event_handler.log_command:Invoking command in '/home/tyashu/Swarm-System-Gazebo-simulation-main/Antbots/build/antbot_gazebo': CMAKE_PREFIX_PATH=/opt/ros/humble /usr/bin/cmake --install /home/tyashu/Swarm-System-Gazebo-simulation-main/Antbots/build/antbot_gazebo
[1.352s] Level 1:colcon.colcon_core.environment:create_environment_scripts_only(antbot_description)
[1.353s] DEBUG:colcon.colcon_core.event_handler.log_command:Invoked command in '/home/tyashu/Swarm-System-Gazebo-simulation-main/Antbots/build/antbot_description' returned '0': CMAKE_PREFIX_PATH=/opt/ros/humble /usr/bin/cmake --install /home/tyashu/Swarm-System-Gazebo-simulation-main/Antbots/build/antbot_description
[1.357s] Level 1:colcon.colcon_core.environment:checking '/home/tyashu/Swarm-System-Gazebo-simulation-main/Antbots/install/antbot_description' for CMake module files
[1.357s] Level 1:colcon.colcon_core.environment:checking '/home/tyashu/Swarm-System-Gazebo-simulation-main/Antbots/install/antbot_description' for CMake config files
[1.357s] Level 1:colcon.colcon_core.shell:create_environment_hook('antbot_description', 'cmake_prefix_path')
[1.357s] INFO:colcon.colcon_core.shell:Creating environment hook '/home/tyashu/Swarm-System-Gazebo-simulation-main/Antbots/install/antbot_description/share/antbot_description/hook/cmake_prefix_path.ps1'
[1.358s] INFO:colcon.colcon_core.shell:Creating environment descriptor '/home/tyashu/Swarm-System-Gazebo-simulation-main/Antbots/install/antbot_description/share/antbot_description/hook/cmake_prefix_path.dsv'
[1.358s] INFO:colcon.colcon_core.shell:Creating environment hook '/home/tyashu/Swarm-System-Gazebo-simulation-main/Antbots/install/antbot_description/share/antbot_description/hook/cmake_prefix_path.sh'
[1.359s] Level 1:colcon.colcon_core.environment:checking '/home/tyashu/Swarm-System-Gazebo-simulation-main/Antbots/install/antbot_description/bin'
[1.359s] Level 1:colcon.colcon_core.environment:checking '/home/tyashu/Swarm-System-Gazebo-simulation-main/Antbots/install/antbot_description/lib/pkgconfig/antbot_description.pc'
[1.359s] Level 1:colcon.colcon_core.environment:checking '/home/tyashu/Swarm-System-Gazebo-simulation-main/Antbots/install/antbot_description/lib/python3.10/site-packages'
[1.359s] Level 1:colcon.colcon_core.environment:checking '/home/tyashu/Swarm-System-Gazebo-simulation-main/Antbots/install/antbot_description/bin'
[1.360s] INFO:colcon.colcon_core.shell:Creating package script '/home/tyashu/Swarm-System-Gazebo-simulation-main/Antbots/install/antbot_description/share/antbot_description/package.ps1'
[1.360s] INFO:colcon.colcon_core.shell:Creating package descriptor '/home/tyashu/Swarm-System-Gazebo-simulation-main/Antbots/install/antbot_description/share/antbot_description/package.dsv'
[1.361s] INFO:colcon.colcon_core.shell:Creating package script '/home/tyashu/Swarm-System-Gazebo-simulation-main/Antbots/install/antbot_description/share/antbot_description/package.sh'
[1.362s] INFO:colcon.colcon_core.shell:Creating package script '/home/tyashu/Swarm-System-Gazebo-simulation-main/Antbots/install/antbot_description/share/antbot_description/package.bash'
[1.362s] INFO:colcon.colcon_core.shell:Creating package script '/home/tyashu/Swarm-System-Gazebo-simulation-main/Antbots/install/antbot_description/share/antbot_description/package.zsh'
[1.363s] Level 1:colcon.colcon_core.environment:create_file_with_runtime_dependencies(/home/tyashu/Swarm-System-Gazebo-simulation-main/Antbots/install/antbot_description/share/colcon-core/packages/antbot_description)
[1.363s] Level 1:colcon.colcon_core.environment:create_environment_scripts_only(antbot_description)
[1.363s] Level 1:colcon.colcon_core.environment:checking '/home/tyashu/Swarm-System-Gazebo-simulation-main/Antbots/install/antbot_description' for CMake module files
[1.364s] Level 1:colcon.colcon_core.environment:checking '/home/tyashu/Swarm-System-Gazebo-simulation-main/Antbots/install/antbot_description' for CMake config files
[1.364s] Level 1:colcon.colcon_core.shell:create_environment_hook('antbot_description', 'cmake_prefix_path')
[1.364s] INFO:colcon.colcon_core.shell:Creating environment hook '/home/tyashu/Swarm-System-Gazebo-simulation-main/Antbots/install/antbot_description/share/antbot_description/hook/cmake_prefix_path.ps1'
[1.365s] INFO:colcon.colcon_core.shell:Creating environment descriptor '/home/tyashu/Swarm-System-Gazebo-simulation-main/Antbots/install/antbot_description/share/antbot_description/hook/cmake_prefix_path.dsv'
[1.365s] INFO:colcon.colcon_core.shell:Creating environment hook '/home/tyashu/Swarm-System-Gazebo-simulation-main/Antbots/install/antbot_description/share/antbot_description/hook/cmake_prefix_path.sh'
[1.365s] Level 1:colcon.colcon_core.environment:checking '/home/tyashu/Swarm-System-Gazebo-simulation-main/Antbots/install/antbot_description/bin'
[1.366s] Level 1:colcon.colcon_core.environment:checking '/home/tyashu/Swarm-System-Gazebo-simulation-main/Antbots/install/antbot_description/lib/pkgconfig/antbot_description.pc'
[1.366s] Level 1:colcon.colcon_core.environment:checking '/home/tyashu/Swarm-System-Gazebo-simulation-main/Antbots/install/antbot_description/lib/python3.10/site-packages'
[1.366s] Level 1:colcon.colcon_core.environment:checking '/home/tyashu/Swarm-System-Gazebo-simulation-main/Antbots/install/antbot_description/bin'
[1.366s] INFO:colcon.colcon_core.shell:Creating package script '/home/tyashu/Swarm-System-Gazebo-simulation-main/Antbots/install/antbot_description/share/antbot_description/package.ps1'
[1.367s] INFO:colcon.colcon_core.shell:Creating package descriptor '/home/tyashu/Swarm-System-Gazebo-simulation-main/Antbots/install/antbot_description/share/antbot_description/package.dsv'
[1.367s] INFO:colcon.colcon_core.shell:Creating package script '/home/tyashu/Swarm-System-Gazebo-simulation-main/Antbots/install/antbot_description/share/antbot_description/package.sh'
[1.368s] INFO:colcon.colcon_core.shell:Creating package script '/home/tyashu/Swarm-System-Gazebo-simulation-main/Antbots/install/antbot_description/share/antbot_description/package.bash'
[1.368s] INFO:colcon.colcon_core.shell:Creating package script '/home/tyashu/Swarm-System-Gazebo-simulation-main/Antbots/install/antbot_description/share/antbot_description/package.zsh'
[1.368s] Level 1:colcon.colcon_core.environment:create_file_with_runtime_dependencies(/home/tyashu/Swarm-System-Gazebo-simulation-main/Antbots/install/antbot_description/share/colcon-core/packages/antbot_description)
[1.369s] Level 1:colcon.colcon_core.environment:create_environment_scripts_only(antbot_gazebo)
[1.370s] DEBUG:colcon.colcon_core.event_handler.log_command:Invoked command in '/home/tyashu/Swarm-System-Gazebo-simulation-main/Antbots/build/antbot_gazebo' returned '0': CMAKE_PREFIX_PATH=/opt/ros/humble /usr/bin/cmake --install /home/tyashu/Swarm-System-Gazebo-simulation-main/Antbots/build/antbot_gazebo
[1.370s] Level 1:colcon.colcon_core.environment:checking '/home/tyashu/Swarm-System-Gazebo-simulation-main/Antbots/install/antbot_gazebo' for CMake module files
[1.371s] Level 1:colcon.colcon_core.environment:checking '/home/tyashu/Swarm-System-Gazebo-simulation-main/Antbots/install/antbot_gazebo' for CMake config files
[1.371s] Level 1:colcon.colcon_core.shell:create_environment_hook('antbot_gazebo', 'cmake_prefix_path')
[1.371s] INFO:colcon.colcon_core.shell:Creating environment hook '/home/tyashu/Swarm-System-Gazebo-simulation-main/Antbots/install/antbot_gazebo/share/antbot_gazebo/hook/cmake_prefix_path.ps1'
[1.371s] INFO:colcon.colcon_core.shell:Creating environment descriptor '/home/tyashu/Swarm-System-Gazebo-simulation-main/Antbots/install/antbot_gazebo/share/antbot_gazebo/hook/cmake_prefix_path.dsv'
[1.372s] INFO:colcon.colcon_core.shell:Creating environment hook '/home/tyashu/Swarm-System-Gazebo-simulation-main/Antbots/install/antbot_gazebo/share/antbot_gazebo/hook/cmake_prefix_path.sh'
[1.372s] Level 1:colcon.colcon_core.environment:checking '/home/tyashu/Swarm-System-Gazebo-simulation-main/Antbots/install/antbot_gazebo/bin'
[1.372s] Level 1:colcon.colcon_core.environment:checking '/home/tyashu/Swarm-System-Gazebo-simulation-main/Antbots/install/antbot_gazebo/lib/pkgconfig/antbot_gazebo.pc'
[1.372s] Level 1:colcon.colcon_core.environment:checking '/home/tyashu/Swarm-System-Gazebo-simulation-main/Antbots/install/antbot_gazebo/lib/python3.10/site-packages'
[1.373s] Level 1:colcon.colcon_core.environment:checking '/home/tyashu/Swarm-System-Gazebo-simulation-main/Antbots/install/antbot_gazebo/bin'
[1.373s] INFO:colcon.colcon_core.shell:Creating package script '/home/tyashu/Swarm-System-Gazebo-simulation-main/Antbots/install/antbot_gazebo/share/antbot_gazebo/package.ps1'
[1.373s] INFO:colcon.colcon_core.shell:Creating package descriptor '/home/tyashu/Swarm-System-Gazebo-simulation-main/Antbots/install/antbot_gazebo/share/antbot_gazebo/package.dsv'
[1.374s] INFO:colcon.colcon_core.shell:Creating package script '/home/tyashu/Swarm-System-Gazebo-simulation-main/Antbots/install/antbot_gazebo/share/antbot_gazebo/package.sh'
[1.374s] INFO:colcon.colcon_core.shell:Creating package script '/home/tyashu/Swarm-System-Gazebo-simulation-main/Antbots/install/antbot_gazebo/share/antbot_gazebo/package.bash'
[1.374s] INFO:colcon.colcon_core.shell:Creating package script '/home/tyashu/Swarm-System-Gazebo-simulation-main/Antbots/install/antbot_gazebo/share/antbot_gazebo/package.zsh'
[1.374s] Level 1:colcon.colcon_core.environment:create_file_with_runtime_dependencies(/home/tyashu/Swarm-System-Gazebo-simulation-main/Antbots/install/antbot_gazebo/share/colcon-core/packages/antbot_gazebo)
[1.375s] Level 1:colcon.colcon_core.environment:create_environment_scripts_only(antbot_gazebo)
[1.375s] Level 1:colcon.colcon_core.environment:checking '/home/tyashu/Swarm-System-Gazebo-simulation-main/Antbots/install/antbot_gazebo' for CMake module files
[1.375s] Level 1:colcon.colcon_core.environment:checking '/home/tyashu/Swarm-System-Gazebo-simulation-main/Antbots/install/antbot_gazebo' for CMake config files
[1.376s] Level 1:colcon.colcon_core.shell:create_environment_hook('antbot_gazebo', 'cmake_prefix_path')
[1.376s] INFO:colcon.colcon_core.shell:Creating environment hook '/home/tyashu/Swarm-System-Gazebo-simulation-main/Antbots/install/antbot_gazebo/share/antbot_gazebo/hook/cmake_prefix_path.ps1'
[1.376s] INFO:colcon.colcon_core.shell:Creating environment descriptor '/home/tyashu/Swarm-System-Gazebo-simulation-main/Antbots/install/antbot_gazebo/share/antbot_gazebo/hook/cmake_prefix_path.dsv'
[1.376s] INFO:colcon.colcon_core.shell:Creating environment hook '/home/tyashu/Swarm-System-Gazebo-simulation-main/Antbots/install/antbot_gazebo/share/antbot_gazebo/hook/cmake_prefix_path.sh'
[1.377s] Level 1:colcon.colcon_core.environment:checking '/home/tyashu/Swarm-System-Gazebo-simulation-main/Antbots/install/antbot_gazebo/bin'
[1.377s] Level 1:colcon.colcon_core.environment:checking '/home/tyashu/Swarm-System-Gazebo-simulation-main/Antbots/install/antbot_gazebo/lib/pkgconfig/antbot_gazebo.pc'
[1.377s] Level 1:colcon.colcon_core.environment:checking '/home/tyashu/Swarm-System-Gazebo-simulation-main/Antbots/install/antbot_gazebo/lib/python3.10/site-packages'
[1.377s] Level 1:colcon.colcon_core.environment:checking '/home/tyashu/Swarm-System-Gazebo-simulation-main/Antbots/install/antbot_gazebo/bin'
[1.378s] INFO:colcon.colcon_core.shell:Creating package script '/home/tyashu/Swarm-System-Gazebo-simulation-main/Antbots/install/antbot_gazebo/share/antbot_gazebo/package.ps1'
[1.378s] INFO:colcon.colcon_core.shell:Creating package descriptor '/home/tyashu/Swarm-System-Gazebo-simulation-main/Antbots/install/antbot_gazebo/share/antbot_gazebo/package.dsv'
[1.379s] INFO:colcon.colcon_core.shell:Creating package script '/home/tyashu/Swarm-System-Gazebo-simulation-main/Antbots/install/antbot_gazebo/share/antbot_gazebo/package.sh'
[1.379s] INFO:colcon.colcon_core.shell:Creating package script '/home/tyashu/Swarm-System-Gazebo-simulation-main/Antbots/install/antbot_gazebo/share/antbot_gazebo/package.bash'
[1.379s] INFO:colcon.colcon_core.shell:Creating package script '/home/tyashu/Swarm-System-Gazebo-simulation-main/Antbots/install/antbot_gazebo/share/antbot_gazebo/package.zsh'
[1.380s] Level 1:colcon.colcon_core.environment:create_file_with_runtime_dependencies(/home/tyashu/Swarm-System-Gazebo-simulation-main/Antbots/install/antbot_gazebo/share/colcon-core/packages/antbot_gazebo)
[1.592s] Level 1:colcon.colcon_core.environment:checking '/home/tyashu/Swarm-System-Gazebo-simulation-main/Antbots/install/antbot_navigation' for CMake module files
[1.593s] DEBUG:colcon.colcon_core.event_handler.log_command:Invoked command in '/home/tyashu/Swarm-System-Gazebo-simulation-main/Antbots/src/antbot_navigation' returned '0': PYTHONPATH=/home/tyashu/Swarm-System-Gazebo-simulation-main/Antbots/build/antbot_navigation/prefix_override:/usr/lib/python3/dist-packages/colcon_core/task/python/colcon_distutils_commands:/home/tyashu/Swarm-System-Gazebo-simulation-main/Antbots/install/antbot_navigation/lib/python3.10/site-packages:${PYTHONPATH} /usr/bin/python3 -W ignore:setup.py install is deprecated -W ignore:easy_install command is deprecated setup.py egg_info --egg-base ../../build/antbot_navigation build --build-base /home/tyashu/Swarm-System-Gazebo-simulation-main/Antbots/build/antbot_navigation/build install --record /home/tyashu/Swarm-System-Gazebo-simulation-main/Antbots/build/antbot_navigation/install.log --single-version-externally-managed install_data
[1.593s] Level 1:colcon.colcon_core.environment:checking '/home/tyashu/Swarm-System-Gazebo-simulation-main/Antbots/install/antbot_navigation' for CMake config files
[1.594s] Level 1:colcon.colcon_core.environment:checking '/home/tyashu/Swarm-System-Gazebo-simulation-main/Antbots/install/antbot_navigation/lib'
[1.594s] Level 1:colcon.colcon_core.environment:checking '/home/tyashu/Swarm-System-Gazebo-simulation-main/Antbots/install/antbot_navigation/bin'
[1.594s] Level 1:colcon.colcon_core.environment:checking '/home/tyashu/Swarm-System-Gazebo-simulation-main/Antbots/install/antbot_navigation/lib/pkgconfig/antbot_navigation.pc'
[1.594s] Level 1:colcon.colcon_core.environment:checking '/home/tyashu/Swarm-System-Gazebo-simulation-main/Antbots/install/antbot_navigation/lib/python3.10/site-packages'
[1.594s] Level 1:colcon.colcon_core.shell:create_environment_hook('antbot_navigation', 'pythonpath')
[1.594s] INFO:colcon.colcon_core.shell:Creating environment hook '/home/tyashu/Swarm-System-Gazebo-simulation-main/Antbots/install/antbot_navigation/share/antbot_navigation/hook/pythonpath.ps1'
[1.595s] INFO:colcon.colcon_core.shell:Creating environment descriptor '/home/tyashu/Swarm-System-Gazebo-simulation-main/Antbots/install/antbot_navigation/share/antbot_navigation/hook/pythonpath.dsv'
[1.595s] INFO:colcon.colcon_core.shell:Creating environment hook '/home/tyashu/Swarm-System-Gazebo-simulation-main/Antbots/install/antbot_navigation/share/antbot_navigation/hook/pythonpath.sh'
[1.596s] Level 1:colcon.colcon_core.environment:checking '/home/tyashu/Swarm-System-Gazebo-simulation-main/Antbots/install/antbot_navigation/bin'
[1.596s] Level 1:colcon.colcon_core.environment:create_environment_scripts_only(antbot_navigation)
[1.596s] INFO:colcon.colcon_core.shell:Creating package script '/home/tyashu/Swarm-System-Gazebo-simulation-main/Antbots/install/antbot_navigation/share/antbot_navigation/package.ps1'
[1.597s] INFO:colcon.colcon_core.shell:Creating package descriptor '/home/tyashu/Swarm-System-Gazebo-simulation-main/Antbots/install/antbot_navigation/share/antbot_navigation/package.dsv'
[1.597s] INFO:colcon.colcon_core.shell:Creating package script '/home/tyashu/Swarm-System-Gazebo-simulation-main/Antbots/install/antbot_navigation/share/antbot_navigation/package.sh'
[1.597s] INFO:colcon.colcon_core.shell:Creating package script '/home/tyashu/Swarm-System-Gazebo-simulation-main/Antbots/install/antbot_navigation/share/antbot_navigation/package.bash'
[1.598s] INFO:colcon.colcon_core.shell:Creating package script '/home/tyashu/Swarm-System-Gazebo-simulation-main/Antbots/install/antbot_navigation/share/antbot_navigation/package.zsh'
[1.598s] Level 1:colcon.colcon_core.environment:create_file_with_runtime_dependencies(/home/tyashu/Swarm-System-Gazebo-simulation-main/Antbots/install/antbot_navigation/share/colcon-core/packages/antbot_navigation)
[1.598s] DEBUG:colcon.colcon_parallel_executor.executor.parallel:closing loop
[1.598s] DEBUG:colcon.colcon_parallel_executor.executor.parallel:loop closed
[1.599s] DEBUG:colcon.colcon_parallel_executor.executor.parallel:run_until_complete finished with '0'
[1.599s] DEBUG:colcon.colcon_core.event_reactor:joining thread
[1.604s] INFO:colcon.colcon_core.plugin_system:Skipping extension 'colcon_notification.desktop_notification.terminal_notifier': Not used on non-Darwin systems
[1.604s] INFO:colcon.colcon_core.plugin_system:Skipping extension 'colcon_notification.desktop_notification.win32': Not used on non-Windows systems
[1.604s] INFO:colcon.colcon_notification.desktop_notification:Sending desktop notification using 'notify2'
[1.611s] DEBUG:colcon.colcon_core.event_reactor:joined thread
[1.612s] INFO:colcon.colcon_core.shell:Creating prefix script '/home/tyashu/Swarm-System-Gazebo-simulation-main/Antbots/install/local_setup.ps1'
[1.613s] INFO:colcon.colcon_core.shell:Creating prefix util module '/home/tyashu/Swarm-System-Gazebo-simulation-main/Antbots/install/_local_setup_util_ps1.py'
[1.614s] INFO:colcon.colcon_core.shell:Creating prefix chain script '/home/tyashu/Swarm-System-Gazebo-simulation-main/Antbots/install/setup.ps1'
[1.615s] INFO:colcon.colcon_core.shell:Creating prefix script '/home/tyashu/Swarm-System-Gazebo-simulation-main/Antbots/install/local_setup.sh'
[1.615s] INFO:colcon.colcon_core.shell:Creating prefix util module '/home/tyashu/Swarm-System-Gazebo-simulation-main/Antbots/install/_local_setup_util_sh.py'
[1.616s] INFO:colcon.colcon_core.shell:Creating prefix chain script '/home/tyashu/Swarm-System-Gazebo-simulation-main/Antbots/install/setup.sh'
[1.616s] INFO:colcon.colcon_core.shell:Creating prefix script '/home/tyashu/Swarm-System-Gazebo-simulation-main/Antbots/install/local_setup.bash'
[1.617s] INFO:colcon.colcon_core.shell:Creating prefix chain script '/home/tyashu/Swarm-System-Gazebo-simulation-main/Antbots/install/setup.bash'
[1.617s] INFO:colcon.colcon_core.shell:Creating prefix script '/home/tyashu/Swarm-System-Gazebo-simulation-main/Antbots/install/local_setup.zsh'
[1.618s] INFO:colcon.colcon_core.shell:Creating prefix chain script '/home/tyashu/Swarm-System-Gazebo-simulation-main/Antbots/install/setup.zsh'
