[0.019s] Invoking command in '/home/tyashu/Swarm-System-Gazebo-simulation-main/Antbots/build/antbot_description': CMAKE_PREFIX_PATH=/opt/ros/humble /usr/bin/cmake /home/tyashu/Swarm-System-Gazebo-simulation-main/Antbots/src/antbot_description -DCMAKE_INSTALL_PREFIX=/home/tyashu/Swarm-System-Gazebo-simulation-main/Antbots/install/antbot_description
[0.145s] -- The C compiler identification is GNU 11.4.0
[0.244s] -- The CXX compiler identification is GNU 11.4.0
[0.257s] -- Detecting C compiler ABI info
[0.343s] -- Detecting C compiler ABI info - done
[0.350s] -- Check for working C compiler: /usr/bin/cc - skipped
[0.351s] -- Detecting C compile features
[0.352s] -- Detecting C compile features - done
[0.356s] -- Detecting CXX compiler ABI info
[0.451s] -- Detecting CXX compiler ABI info - done
[0.462s] -- Check for working CXX compiler: /usr/bin/c++ - skipped
[0.462s] -- Detecting CXX compile features
[0.463s] -- Detecting CXX compile features - done
[0.472s] -- Found ament_cmake: 1.3.14 (/opt/ros/humble/share/ament_cmake/cmake)
[0.649s] -- Found Python3: /usr/bin/python3 (found version "3.10.12") found components: Interpreter 
[0.768s] -- Found ament_lint_auto: 0.12.15 (/opt/ros/humble/share/ament_lint_auto/cmake)
[0.869s] -- Added test 'lint_cmake' to check CMake code style
[0.874s] -- Added test 'xmllint' to check XML markup files
[0.875s] -- Configuring done
[0.878s] -- Generating done
[0.880s] -- Build files have been written to: /home/tyashu/Swarm-System-Gazebo-simulation-main/Antbots/build/antbot_description
[0.886s] Invoked command in '/home/tyashu/Swarm-System-Gazebo-simulation-main/Antbots/build/antbot_description' returned '0': CMAKE_PREFIX_PATH=/opt/ros/humble /usr/bin/cmake /home/tyashu/Swarm-System-Gazebo-simulation-main/Antbots/src/antbot_description -DCMAKE_INSTALL_PREFIX=/home/tyashu/Swarm-System-Gazebo-simulation-main/Antbots/install/antbot_description
[0.889s] Invoking command in '/home/tyashu/Swarm-System-Gazebo-simulation-main/Antbots/build/antbot_description': CMAKE_PREFIX_PATH=/opt/ros/humble /usr/bin/cmake --build /home/tyashu/Swarm-System-Gazebo-simulation-main/Antbots/build/antbot_description -- -j12 -l12
[0.936s] Invoked command in '/home/tyashu/Swarm-System-Gazebo-simulation-main/Antbots/build/antbot_description' returned '0': CMAKE_PREFIX_PATH=/opt/ros/humble /usr/bin/cmake --build /home/tyashu/Swarm-System-Gazebo-simulation-main/Antbots/build/antbot_description -- -j12 -l12
[0.946s] Invoking command in '/home/tyashu/Swarm-System-Gazebo-simulation-main/Antbots/build/antbot_description': CMAKE_PREFIX_PATH=/opt/ros/humble /usr/bin/cmake --install /home/tyashu/Swarm-System-Gazebo-simulation-main/Antbots/build/antbot_description
[0.955s] -- Install configuration: ""
[0.955s] -- Installing: /home/tyashu/Swarm-System-Gazebo-simulation-main/Antbots/install/antbot_description/share/antbot_description/urdf
[0.955s] -- Installing: /home/tyashu/Swarm-System-Gazebo-simulation-main/Antbots/install/antbot_description/share/antbot_description/urdf/antbot.urdf.xacro
[0.955s] -- Installing: /home/tyashu/Swarm-System-Gazebo-simulation-main/Antbots/install/antbot_description/share/antbot_description/launch
[0.955s] -- Installing: /home/tyashu/Swarm-System-Gazebo-simulation-main/Antbots/install/antbot_description/share/ament_index/resource_index/package_run_dependencies/antbot_description
[0.956s] -- Installing: /home/tyashu/Swarm-System-Gazebo-simulation-main/Antbots/install/antbot_description/share/ament_index/resource_index/parent_prefix_path/antbot_description
[0.956s] -- Installing: /home/tyashu/Swarm-System-Gazebo-simulation-main/Antbots/install/antbot_description/share/antbot_description/environment/ament_prefix_path.sh
[0.956s] -- Installing: /home/tyashu/Swarm-System-Gazebo-simulation-main/Antbots/install/antbot_description/share/antbot_description/environment/ament_prefix_path.dsv
[0.956s] -- Installing: /home/tyashu/Swarm-System-Gazebo-simulation-main/Antbots/install/antbot_description/share/antbot_description/environment/path.sh
[0.956s] -- Installing: /home/tyashu/Swarm-System-Gazebo-simulation-main/Antbots/install/antbot_description/share/antbot_description/environment/path.dsv
[0.956s] -- Installing: /home/tyashu/Swarm-System-Gazebo-simulation-main/Antbots/install/antbot_description/share/antbot_description/local_setup.bash
[0.957s] -- Installing: /home/tyashu/Swarm-System-Gazebo-simulation-main/Antbots/install/antbot_description/share/antbot_description/local_setup.sh
[0.957s] -- Installing: /home/tyashu/Swarm-System-Gazebo-simulation-main/Antbots/install/antbot_description/share/antbot_description/local_setup.zsh
[0.957s] -- Installing: /home/tyashu/Swarm-System-Gazebo-simulation-main/Antbots/install/antbot_description/share/antbot_description/local_setup.dsv
[0.957s] -- Installing: /home/tyashu/Swarm-System-Gazebo-simulation-main/Antbots/install/antbot_description/share/antbot_description/package.dsv
[0.957s] -- Installing: /home/tyashu/Swarm-System-Gazebo-simulation-main/Antbots/install/antbot_description/share/ament_index/resource_index/packages/antbot_description
[0.957s] -- Installing: /home/tyashu/Swarm-System-Gazebo-simulation-main/Antbots/install/antbot_description/share/antbot_description/cmake/antbot_descriptionConfig.cmake
[0.958s] -- Installing: /home/tyashu/Swarm-System-Gazebo-simulation-main/Antbots/install/antbot_description/share/antbot_description/cmake/antbot_descriptionConfig-version.cmake
[0.958s] -- Installing: /home/tyashu/Swarm-System-Gazebo-simulation-main/Antbots/install/antbot_description/share/antbot_description/package.xml
[0.961s] Invoked command in '/home/tyashu/Swarm-System-Gazebo-simulation-main/Antbots/build/antbot_description' returned '0': CMAKE_PREFIX_PATH=/opt/ros/humble /usr/bin/cmake --install /home/tyashu/Swarm-System-Gazebo-simulation-main/Antbots/build/antbot_description
