[0.863s] Invoking command in '/home/tyashu/Swarm-System-Gazebo-simulation-main/Antbots/src/antbot_navigation': PYTHONPATH=/home/tyashu/Swarm-System-Gazebo-simulation-main/Antbots/build/antbot_navigation/prefix_override:/usr/lib/python3/dist-packages/colcon_core/task/python/colcon_distutils_commands:/home/tyashu/Swarm-System-Gazebo-simulation-main/Antbots/install/antbot_navigation/lib/python3.10/site-packages:${PYTHONPATH} /usr/bin/python3 -W ignore:setup.py install is deprecated -W ignore:easy_install command is deprecated setup.py egg_info --egg-base ../../build/antbot_navigation build --build-base /home/tyashu/Swarm-System-Gazebo-simulation-main/Antbots/build/antbot_navigation/build install --record /home/tyashu/Swarm-System-Gazebo-simulation-main/Antbots/build/antbot_navigation/install.log --single-version-externally-managed install_data
[1.118s] running egg_info
[1.118s] creating ../../build/antbot_navigation/antbot_navigation.egg-info
[1.119s] writing ../../build/antbot_navigation/antbot_navigation.egg-info/PKG-INFO
[1.120s] writing dependency_links to ../../build/antbot_navigation/antbot_navigation.egg-info/dependency_links.txt
[1.120s] writing entry points to ../../build/antbot_navigation/antbot_navigation.egg-info/entry_points.txt
[1.120s] writing requirements to ../../build/antbot_navigation/antbot_navigation.egg-info/requires.txt
[1.120s] writing top-level names to ../../build/antbot_navigation/antbot_navigation.egg-info/top_level.txt
[1.120s] writing manifest file '../../build/antbot_navigation/antbot_navigation.egg-info/SOURCES.txt'
[1.121s] reading manifest file '../../build/antbot_navigation/antbot_navigation.egg-info/SOURCES.txt'
[1.122s] writing manifest file '../../build/antbot_navigation/antbot_navigation.egg-info/SOURCES.txt'
[1.122s] running build
[1.122s] running build_py
[1.122s] creating /home/tyashu/Swarm-System-Gazebo-simulation-main/Antbots/build/antbot_navigation/build
[1.122s] creating /home/tyashu/Swarm-System-Gazebo-simulation-main/Antbots/build/antbot_navigation/build/lib
[1.123s] creating /home/tyashu/Swarm-System-Gazebo-simulation-main/Antbots/build/antbot_navigation/build/lib/antbot_navigation
[1.123s] copying antbot_navigation/swarm_logic.py -> /home/tyashu/Swarm-System-Gazebo-simulation-main/Antbots/build/antbot_navigation/build/lib/antbot_navigation
[1.123s] copying antbot_navigation/__init__.py -> /home/tyashu/Swarm-System-Gazebo-simulation-main/Antbots/build/antbot_navigation/build/lib/antbot_navigation
[1.123s] copying antbot_navigation/swarm_gui_server.py -> /home/tyashu/Swarm-System-Gazebo-simulation-main/Antbots/build/antbot_navigation/build/lib/antbot_navigation
[1.123s] running install
[1.123s] running install_lib
[1.124s] creating /home/tyashu/Swarm-System-Gazebo-simulation-main/Antbots/install/antbot_navigation/lib/python3.10/site-packages/antbot_navigation
[1.124s] copying /home/tyashu/Swarm-System-Gazebo-simulation-main/Antbots/build/antbot_navigation/build/lib/antbot_navigation/swarm_logic.py -> /home/tyashu/Swarm-System-Gazebo-simulation-main/Antbots/install/antbot_navigation/lib/python3.10/site-packages/antbot_navigation
[1.124s] copying /home/tyashu/Swarm-System-Gazebo-simulation-main/Antbots/build/antbot_navigation/build/lib/antbot_navigation/__init__.py -> /home/tyashu/Swarm-System-Gazebo-simulation-main/Antbots/install/antbot_navigation/lib/python3.10/site-packages/antbot_navigation
[1.125s] copying /home/tyashu/Swarm-System-Gazebo-simulation-main/Antbots/build/antbot_navigation/build/lib/antbot_navigation/swarm_gui_server.py -> /home/tyashu/Swarm-System-Gazebo-simulation-main/Antbots/install/antbot_navigation/lib/python3.10/site-packages/antbot_navigation
[1.125s] byte-compiling /home/tyashu/Swarm-System-Gazebo-simulation-main/Antbots/install/antbot_navigation/lib/python3.10/site-packages/antbot_navigation/swarm_logic.py to swarm_logic.cpython-310.pyc
[1.128s] byte-compiling /home/tyashu/Swarm-System-Gazebo-simulation-main/Antbots/install/antbot_navigation/lib/python3.10/site-packages/antbot_navigation/__init__.py to __init__.cpython-310.pyc
[1.129s] byte-compiling /home/tyashu/Swarm-System-Gazebo-simulation-main/Antbots/install/antbot_navigation/lib/python3.10/site-packages/antbot_navigation/swarm_gui_server.py to swarm_gui_server.cpython-310.pyc
[1.130s] running install_data
[1.130s] creating /home/tyashu/Swarm-System-Gazebo-simulation-main/Antbots/install/antbot_navigation/share/ament_index
[1.130s] creating /home/tyashu/Swarm-System-Gazebo-simulation-main/Antbots/install/antbot_navigation/share/ament_index/resource_index
[1.131s] creating /home/tyashu/Swarm-System-Gazebo-simulation-main/Antbots/install/antbot_navigation/share/ament_index/resource_index/packages
[1.131s] copying resource/antbot_navigation -> /home/tyashu/Swarm-System-Gazebo-simulation-main/Antbots/install/antbot_navigation/share/ament_index/resource_index/packages
[1.131s] copying package.xml -> /home/tyashu/Swarm-System-Gazebo-simulation-main/Antbots/install/antbot_navigation/share/antbot_navigation
[1.131s] creating /home/tyashu/Swarm-System-Gazebo-simulation-main/Antbots/install/antbot_navigation/share/antbot_navigation/launch
[1.131s] copying launch/start_swarm_logic.launch.py -> /home/tyashu/Swarm-System-Gazebo-simulation-main/Antbots/install/antbot_navigation/share/antbot_navigation/launch
[1.131s] copying launch/swarm.launch.py -> /home/tyashu/Swarm-System-Gazebo-simulation-main/Antbots/install/antbot_navigation/share/antbot_navigation/launch
[1.131s] running install_egg_info
[1.133s] Copying ../../build/antbot_navigation/antbot_navigation.egg-info to /home/tyashu/Swarm-System-Gazebo-simulation-main/Antbots/install/antbot_navigation/lib/python3.10/site-packages/antbot_navigation-0.0.0-py3.10.egg-info
[1.133s] running install_scripts
[1.153s] Installing swarm_gui_server script to /home/tyashu/Swarm-System-Gazebo-simulation-main/Antbots/install/antbot_navigation/lib/antbot_navigation
[1.154s] Installing swarm_logic script to /home/tyashu/Swarm-System-Gazebo-simulation-main/Antbots/install/antbot_navigation/lib/antbot_navigation
[1.154s] writing list of installed files to '/home/tyashu/Swarm-System-Gazebo-simulation-main/Antbots/build/antbot_navigation/install.log'
[1.191s] Invoked command in '/home/tyashu/Swarm-System-Gazebo-simulation-main/Antbots/src/antbot_navigation' returned '0': PYTHONPATH=/home/tyashu/Swarm-System-Gazebo-simulation-main/Antbots/build/antbot_navigation/prefix_override:/usr/lib/python3/dist-packages/colcon_core/task/python/colcon_distutils_commands:/home/tyashu/Swarm-System-Gazebo-simulation-main/Antbots/install/antbot_navigation/lib/python3.10/site-packages:${PYTHONPATH} /usr/bin/python3 -W ignore:setup.py install is deprecated -W ignore:easy_install command is deprecated setup.py egg_info --egg-base ../../build/antbot_navigation build --build-base /home/tyashu/Swarm-System-Gazebo-simulation-main/Antbots/build/antbot_navigation/build install --record /home/tyashu/Swarm-System-Gazebo-simulation-main/Antbots/build/antbot_navigation/install.log --single-version-externally-managed install_data
