[0.019s] Invoking command in '/home/tyashu/Swarm-System-Gazebo-simulation-main/Antbots/build/antbot_gazebo': CMAKE_PREFIX_PATH=/opt/ros/humble /usr/bin/cmake /home/tyashu/Swarm-System-Gazebo-simulation-main/Antbots/src/antbot_gazebo -DCMAKE_INSTALL_PREFIX=/home/tyashu/Swarm-System-Gazebo-simulation-main/Antbots/install/antbot_gazebo
[0.139s] -- The C compiler identification is GNU 11.4.0
[0.243s] -- The CXX compiler identification is GNU 11.4.0
[0.251s] -- Detecting C compiler ABI info
[0.339s] -- Detecting C compiler ABI info - done
[0.345s] -- Check for working C compiler: /usr/bin/cc - skipped
[0.346s] -- Detecting C compile features
[0.346s] -- Detecting C compile features - done
[0.350s] -- Detecting CXX compiler ABI info
[0.445s] -- Detecting CXX compiler ABI info - done
[0.455s] -- Check for working CXX compiler: /usr/bin/c++ - skipped
[0.456s] -- Detecting CXX compile features
[0.456s] -- Detecting CXX compile features - done
[0.467s] -- Found ament_cmake: 1.3.14 (/opt/ros/humble/share/ament_cmake/cmake)
[0.645s] -- Found Python3: /usr/bin/python3 (found version "3.10.12") found components: Interpreter 
[0.762s] -- Found ament_lint_auto: 0.12.15 (/opt/ros/humble/share/ament_lint_auto/cmake)
[0.863s] -- Added test 'flake8' to check Python code syntax and style conventions
[0.864s] -- Added test 'lint_cmake' to check CMake code style
[0.865s] -- Added test 'pep257' to check Python code against some of the docstring style conventions in PEP 257
[0.868s] -- Added test 'xmllint' to check XML markup files
[0.869s] -- Configuring done
[0.873s] -- Generating done
[0.875s] -- Build files have been written to: /home/tyashu/Swarm-System-Gazebo-simulation-main/Antbots/build/antbot_gazebo
[0.885s] Invoked command in '/home/tyashu/Swarm-System-Gazebo-simulation-main/Antbots/build/antbot_gazebo' returned '0': CMAKE_PREFIX_PATH=/opt/ros/humble /usr/bin/cmake /home/tyashu/Swarm-System-Gazebo-simulation-main/Antbots/src/antbot_gazebo -DCMAKE_INSTALL_PREFIX=/home/tyashu/Swarm-System-Gazebo-simulation-main/Antbots/install/antbot_gazebo
[0.887s] Invoking command in '/home/tyashu/Swarm-System-Gazebo-simulation-main/Antbots/build/antbot_gazebo': CMAKE_PREFIX_PATH=/opt/ros/humble /usr/bin/cmake --build /home/tyashu/Swarm-System-Gazebo-simulation-main/Antbots/build/antbot_gazebo -- -j12 -l12
[0.944s] Invoked command in '/home/tyashu/Swarm-System-Gazebo-simulation-main/Antbots/build/antbot_gazebo' returned '0': CMAKE_PREFIX_PATH=/opt/ros/humble /usr/bin/cmake --build /home/tyashu/Swarm-System-Gazebo-simulation-main/Antbots/build/antbot_gazebo -- -j12 -l12
[0.946s] Invoking command in '/home/tyashu/Swarm-System-Gazebo-simulation-main/Antbots/build/antbot_gazebo': CMAKE_PREFIX_PATH=/opt/ros/humble /usr/bin/cmake --install /home/tyashu/Swarm-System-Gazebo-simulation-main/Antbots/build/antbot_gazebo
[0.955s] -- Install configuration: ""
[0.955s] -- Installing: /home/tyashu/Swarm-System-Gazebo-simulation-main/Antbots/install/antbot_gazebo/share/antbot_gazebo/launch
[0.956s] -- Installing: /home/tyashu/Swarm-System-Gazebo-simulation-main/Antbots/install/antbot_gazebo/share/antbot_gazebo/launch/spawn_swarm.launch.py
[0.956s] -- Installing: /home/tyashu/Swarm-System-Gazebo-simulation-main/Antbots/install/antbot_gazebo/share/antbot_gazebo/worlds
[0.957s] -- Installing: /home/tyashu/Swarm-System-Gazebo-simulation-main/Antbots/install/antbot_gazebo/share/antbot_gazebo/worlds/arena.world
[0.957s] -- Installing: /home/tyashu/Swarm-System-Gazebo-simulation-main/Antbots/install/antbot_gazebo/share/ament_index/resource_index/package_run_dependencies/antbot_gazebo
[0.957s] -- Installing: /home/tyashu/Swarm-System-Gazebo-simulation-main/Antbots/install/antbot_gazebo/share/ament_index/resource_index/parent_prefix_path/antbot_gazebo
[0.957s] -- Installing: /home/tyashu/Swarm-System-Gazebo-simulation-main/Antbots/install/antbot_gazebo/share/antbot_gazebo/environment/ament_prefix_path.sh
[0.957s] -- Installing: /home/tyashu/Swarm-System-Gazebo-simulation-main/Antbots/install/antbot_gazebo/share/antbot_gazebo/environment/ament_prefix_path.dsv
[0.957s] -- Installing: /home/tyashu/Swarm-System-Gazebo-simulation-main/Antbots/install/antbot_gazebo/share/antbot_gazebo/environment/path.sh
[0.957s] -- Installing: /home/tyashu/Swarm-System-Gazebo-simulation-main/Antbots/install/antbot_gazebo/share/antbot_gazebo/environment/path.dsv
[0.958s] -- Installing: /home/tyashu/Swarm-System-Gazebo-simulation-main/Antbots/install/antbot_gazebo/share/antbot_gazebo/local_setup.bash
[0.958s] -- Installing: /home/tyashu/Swarm-System-Gazebo-simulation-main/Antbots/install/antbot_gazebo/share/antbot_gazebo/local_setup.sh
[0.958s] -- Installing: /home/tyashu/Swarm-System-Gazebo-simulation-main/Antbots/install/antbot_gazebo/share/antbot_gazebo/local_setup.zsh
[0.958s] -- Installing: /home/tyashu/Swarm-System-Gazebo-simulation-main/Antbots/install/antbot_gazebo/share/antbot_gazebo/local_setup.dsv
[0.958s] -- Installing: /home/tyashu/Swarm-System-Gazebo-simulation-main/Antbots/install/antbot_gazebo/share/antbot_gazebo/package.dsv
[0.958s] -- Installing: /home/tyashu/Swarm-System-Gazebo-simulation-main/Antbots/install/antbot_gazebo/share/ament_index/resource_index/packages/antbot_gazebo
[0.958s] -- Installing: /home/tyashu/Swarm-System-Gazebo-simulation-main/Antbots/install/antbot_gazebo/share/antbot_gazebo/cmake/antbot_gazeboConfig.cmake
[0.958s] -- Installing: /home/tyashu/Swarm-System-Gazebo-simulation-main/Antbots/install/antbot_gazebo/share/antbot_gazebo/cmake/antbot_gazeboConfig-version.cmake
[0.958s] -- Installing: /home/tyashu/Swarm-System-Gazebo-simulation-main/Antbots/install/antbot_gazebo/share/antbot_gazebo/package.xml
[0.972s] Invoked command in '/home/tyashu/Swarm-System-Gazebo-simulation-main/Antbots/build/antbot_gazebo' returned '0': CMAKE_PREFIX_PATH=/opt/ros/humble /usr/bin/cmake --install /home/tyashu/Swarm-System-Gazebo-simulation-main/Antbots/build/antbot_gazebo
